Unexpected `className` prop, remove it (see <https://github.com/remarkjs/react-markdown/blob/main/changelog.md#remove-classname> for more info)
Assertion: Unexpected `className` prop, remove it (see <https://github.com/remarkjs/react-markdown/blob/main/changelog.md#remove-classname> for more info)
    at assert (http://localhost:5174/node_modules/.vite/deps/react-markdown.js?v=08142053:95:64)
    at unreachable (http://localhost:5174/node_modules/.vite/deps/react-markdown.js?v=08142053:76:2)
    at post (http://localhost:5174/node_modules/.vite/deps/react-markdown.js?v=08142053:17719:88)
    at Markdown (http://localhost:5174/node_modules/.vite/deps/react-markdown.js?v=08142053:17607:9)
    at Object.react_stack_bottom_frame (http://localhost:5174/node_modules/.vite/deps/react-dom_client.js?v=08142053:12867:12)
    at renderWithHooks (http://localhost:5174/node_modules/.vite/deps/react-dom_client.js?v=08142053:4212:19)
    at updateFunctionComponent (http://localhost:5174/node_modules/.vite/deps/react-dom_client.js?v=08142053:5568:16)
    at beginWork (http://localhost:5174/node_modules/.vite/deps/react-dom_client.js?v=08142053:6139:20)
    at runWithFiberInDEV (http://localhost:5174/node_modules/.vite/deps/react-dom_client.js?v=08142053:850:66)
    at performUnitOfWork (http://localhost:5174/node_modules/.vite/deps/react-dom_client.js?v=08142053:8428:92)